// Jest Snapshot v1, https://goo.gl/fbAQLP

exports[`renders correctly 1`] = `
<div>
  <img
    className="sc-bdVaJa kpUueE"
    src="d20.png"
  />
</div>
`;
